I'm sorry, but errors were detected in your script. Please correct the
errors listed below, and try again.


File "game/game/knowledge_music.rpy", line 160: vbox expects a non-empty block.
    vbox:
         ^

Ren'Py Version: Ren'Py 8.4.1.25072401
Thu Jun 11 16:02:52 2026
